[0.084s] Invoking command in '/home/raul/workspace_mac/stanford/pora1/autonomy_ws/src/s3_basic/build/s3_basic': CMAKE_PREFIX_PATH=${CMAKE_PREFIX_PATH}:/opt/ros/humble /usr/bin/cmake /home/raul/workspace_mac/stanford/pora1/autonomy_ws/src/s3_basic -DAMENT_CMAKE_SYMLINK_INSTALL=1 -DCMAKE_INSTALL_PREFIX=/home/raul/workspace_mac/stanford/pora1/autonomy_ws/src/s3_basic/install/s3_basic
[0.243s] -- The C compiler identification is GNU 11.4.0
[0.316s] -- The CXX compiler identification is GNU 11.4.0
[0.330s] -- Detecting C compiler ABI info
[0.513s] -- Detecting C compiler ABI info - done
[0.520s] -- Check for working C compiler: /usr/bin/cc - skipped
[0.520s] -- Detecting C compile features
[0.520s] -- Detecting C compile features - done
[0.526s] -- Detecting CXX compiler ABI info
[0.692s] -- Detecting CXX compiler ABI info - done
[0.701s] -- Check for working CXX compiler: /usr/bin/c++ - skipped
[0.701s] -- Detecting CXX compile features
[0.701s] -- Detecting CXX compile features - done
[0.767s] -- Found ament_cmake: 1.3.12 (/opt/ros/humble/share/ament_cmake/cmake)
[1.033s] -- Found Python3: /usr/bin/python3 (found version "3.10.12") found components: Interpreter 
[1.100s] -- Override CMake install command with custom implementation using symlinks instead of copying resources
[2.019s] -- Found rclpy: 3.3.17 (/opt/ros/humble/share/rclpy/cmake)
[2.078s] -- Found std_msgs: 4.9.0 (/opt/ros/humble/share/std_msgs/cmake)
[2.667s] -- Found rosidl_generator_c: 3.1.7 (/opt/ros/humble/share/rosidl_generator_c/cmake)
[2.779s] -- Found rosidl_adapter: 3.1.7 (/opt/ros/humble/share/rosidl_adapter/cmake)
[2.897s] -- Found rosidl_generator_cpp: 3.1.7 (/opt/ros/humble/share/rosidl_generator_cpp/cmake)
[3.055s] -- Using all available rosidl_typesupport_c: rosidl_typesupport_fastrtps_c;rosidl_typesupport_introspection_c
[3.257s] -- Using all available rosidl_typesupport_cpp: rosidl_typesupport_fastrtps_cpp;rosidl_typesupport_introspection_cpp
[3.463s] -- Found geometry_msgs: 4.9.0 (/opt/ros/humble/share/geometry_msgs/cmake)
[3.539s] -- Found ament_lint_auto: 0.12.14 (/opt/ros/humble/share/ament_lint_auto/cmake)
[4.173s] -- Added test 'cppcheck' to perform static code analysis on C / C++ code
[4.173s] -- Configured cppcheck include dirs: 
[4.173s] -- Configured cppcheck exclude dirs and/or files: 
[4.196s] -- Added test 'flake8' to check Python code syntax and style conventions
[4.229s] -- Added test 'lint_cmake' to check CMake code style
[4.254s] -- Added test 'pep257' to check Python code against some of the docstring style conventions in PEP 257
[4.348s] -- Added test 'uncrustify' to check C / C++ code style
[4.348s] -- Configured uncrustify additional arguments: 
[4.366s] -- Added test 'xmllint' to check XML markup files
[4.398s] -- Configuring done
[4.462s] -- Generating done
[4.497s] -- Build files have been written to: /home/raul/workspace_mac/stanford/pora1/autonomy_ws/src/s3_basic/build/s3_basic
[4.501s] Invoked command in '/home/raul/workspace_mac/stanford/pora1/autonomy_ws/src/s3_basic/build/s3_basic' returned '0': CMAKE_PREFIX_PATH=${CMAKE_PREFIX_PATH}:/opt/ros/humble /usr/bin/cmake /home/raul/workspace_mac/stanford/pora1/autonomy_ws/src/s3_basic -DAMENT_CMAKE_SYMLINK_INSTALL=1 -DCMAKE_INSTALL_PREFIX=/home/raul/workspace_mac/stanford/pora1/autonomy_ws/src/s3_basic/install/s3_basic
[4.510s] Invoking command in '/home/raul/workspace_mac/stanford/pora1/autonomy_ws/src/s3_basic/build/s3_basic': CMAKE_PREFIX_PATH=${CMAKE_PREFIX_PATH}:/opt/ros/humble /usr/bin/cmake --build /home/raul/workspace_mac/stanford/pora1/autonomy_ws/src/s3_basic/build/s3_basic -- -j4 -l4
[4.573s] Invoked command in '/home/raul/workspace_mac/stanford/pora1/autonomy_ws/src/s3_basic/build/s3_basic' returned '0': CMAKE_PREFIX_PATH=${CMAKE_PREFIX_PATH}:/opt/ros/humble /usr/bin/cmake --build /home/raul/workspace_mac/stanford/pora1/autonomy_ws/src/s3_basic/build/s3_basic -- -j4 -l4
[4.584s] Invoking command in '/home/raul/workspace_mac/stanford/pora1/autonomy_ws/src/s3_basic/build/s3_basic': CMAKE_PREFIX_PATH=${CMAKE_PREFIX_PATH}:/opt/ros/humble /usr/bin/cmake --install /home/raul/workspace_mac/stanford/pora1/autonomy_ws/src/s3_basic/build/s3_basic
[4.591s] -- Install configuration: ""
[4.594s] -- Execute custom install script
[4.603s] -- Symlinking: /home/raul/workspace_mac/stanford/pora1/autonomy_ws/src/s3_basic/install/s3_basic/lib/s3_basic/constant_control.py
[4.616s] -- Symlinking: /home/raul/workspace_mac/stanford/pora1/autonomy_ws/src/s3_basic/install/s3_basic/share/s3_basic/launch/section3.launch.py
[4.625s] -- Symlinking: /home/raul/workspace_mac/stanford/pora1/autonomy_ws/src/s3_basic/install/s3_basic/share/s3_basic/rviz/section3.rviz
[4.634s] -- Symlinking: /home/raul/workspace_mac/stanford/pora1/autonomy_ws/src/s3_basic/install/s3_basic/share/ament_index/resource_index/package_run_dependencies/s3_basic
[4.647s] -- Symlinking: /home/raul/workspace_mac/stanford/pora1/autonomy_ws/src/s3_basic/install/s3_basic/share/ament_index/resource_index/parent_prefix_path/s3_basic
[4.656s] -- Symlinking: /home/raul/workspace_mac/stanford/pora1/autonomy_ws/src/s3_basic/install/s3_basic/share/s3_basic/environment/ament_prefix_path.sh
[4.662s] -- Symlinking: /home/raul/workspace_mac/stanford/pora1/autonomy_ws/src/s3_basic/install/s3_basic/share/s3_basic/environment/ament_prefix_path.dsv
[4.669s] -- Symlinking: /home/raul/workspace_mac/stanford/pora1/autonomy_ws/src/s3_basic/install/s3_basic/share/s3_basic/environment/path.sh
[4.675s] -- Symlinking: /home/raul/workspace_mac/stanford/pora1/autonomy_ws/src/s3_basic/install/s3_basic/share/s3_basic/environment/path.dsv
[4.683s] -- Symlinking: /home/raul/workspace_mac/stanford/pora1/autonomy_ws/src/s3_basic/install/s3_basic/share/s3_basic/local_setup.bash
[4.691s] -- Symlinking: /home/raul/workspace_mac/stanford/pora1/autonomy_ws/src/s3_basic/install/s3_basic/share/s3_basic/local_setup.sh
[4.697s] -- Symlinking: /home/raul/workspace_mac/stanford/pora1/autonomy_ws/src/s3_basic/install/s3_basic/share/s3_basic/local_setup.zsh
[4.703s] -- Symlinking: /home/raul/workspace_mac/stanford/pora1/autonomy_ws/src/s3_basic/install/s3_basic/share/s3_basic/local_setup.dsv
[4.709s] -- Symlinking: /home/raul/workspace_mac/stanford/pora1/autonomy_ws/src/s3_basic/install/s3_basic/share/s3_basic/package.dsv
[4.717s] -- Symlinking: /home/raul/workspace_mac/stanford/pora1/autonomy_ws/src/s3_basic/install/s3_basic/share/ament_index/resource_index/packages/s3_basic
[4.726s] -- Symlinking: /home/raul/workspace_mac/stanford/pora1/autonomy_ws/src/s3_basic/install/s3_basic/share/s3_basic/cmake/s3_basicConfig.cmake
[4.732s] -- Symlinking: /home/raul/workspace_mac/stanford/pora1/autonomy_ws/src/s3_basic/install/s3_basic/share/s3_basic/cmake/s3_basicConfig-version.cmake
[4.737s] -- Symlinking: /home/raul/workspace_mac/stanford/pora1/autonomy_ws/src/s3_basic/install/s3_basic/share/s3_basic/package.xml
[4.747s] Invoked command in '/home/raul/workspace_mac/stanford/pora1/autonomy_ws/src/s3_basic/build/s3_basic' returned '0': CMAKE_PREFIX_PATH=${CMAKE_PREFIX_PATH}:/opt/ros/humble /usr/bin/cmake --install /home/raul/workspace_mac/stanford/pora1/autonomy_ws/src/s3_basic/build/s3_basic
