[0.064s] DEBUG:colcon:Command line arguments: ['/usr/bin/colcon', 'build', '--symlink-install']
[0.064s] DEBUG:colcon:Parsed command line arguments: Namespace(log_base=None, log_level=None, verb_name='build', build_base='build', install_base='install', merge_install=False, symlink_install=True, test_result_base=None, continue_on_error=False, executor='parallel', parallel_workers=4, event_handlers=None, ignore_user_meta=False, metas=['./colcon.meta'], base_paths=['.'], packages_ignore=None, packages_ignore_regex=None, paths=None, packages_up_to=None, packages_up_to_regex=None, packages_above=None, packages_above_and_dependencies=None, packages_above_depth=None, packages_select_by_dep=None, packages_skip_by_dep=None, packages_skip_up_to=None, packages_select_build_failed=False, packages_skip_build_finished=False, packages_select_test_failures=False, packages_skip_test_passed=False, packages_select=None, packages_skip=None, packages_select_regex=None, packages_skip_regex=None, packages_start=None, packages_end=None, allow_overriding=[], cmake_args=None, cmake_target=None, cmake_target_skip_unavailable=False, cmake_clean_cache=False, cmake_clean_first=False, cmake_force_configure=False, ament_cmake_args=None, catkin_cmake_args=None, catkin_skip_building_tests=False, mixin_files=None, mixin=None, verb_parser=<colcon_mixin.mixin.mixin_argument.MixinArgumentDecorator object at 0xffff8b869e40>, verb_extension=<colcon_core.verb.build.BuildVerb object at 0xffff8ba2add0>, main=<bound method BuildVerb.main of <colcon_core.verb.build.BuildVerb object at 0xffff8ba2add0>>, mixin_verb=('build',))
[0.194s] Level 1:colcon.colcon_core.package_discovery:discover_packages(colcon_meta) check parameters
[0.194s] Level 1:colcon.colcon_core.package_discovery:discover_packages(recursive) check parameters
[0.194s] Level 1:colcon.colcon_core.package_discovery:discover_packages(ignore) check parameters
[0.194s] Level 1:colcon.colcon_core.package_discovery:discover_packages(path) check parameters
[0.194s] Level 1:colcon.colcon_core.package_discovery:discover_packages(colcon_meta) discover
[0.195s] Level 1:colcon.colcon_core.package_discovery:discover_packages(recursive) discover
[0.195s] INFO:colcon.colcon_core.package_discovery:Crawling recursively for packages in '/home/raul/workspace_mac/stanford/pora1/autonomy_ws/src/s3_basic'
[0.195s] Level 1:colcon.colcon_core.package_identification:_identify(.) by extensions ['ignore', 'ignore_ament_install']
[0.196s] Level 1:colcon.colcon_core.package_identification:_identify(.) by extension 'ignore'
[0.196s] Level 1:colcon.colcon_core.package_identification:_identify(.) by extension 'ignore_ament_install'
[0.197s] Level 1:colcon.colcon_core.package_identification:_identify(.) by extensions ['colcon_pkg']
[0.197s] Level 1:colcon.colcon_core.package_identification:_identify(.) by extension 'colcon_pkg'
[0.197s] Level 1:colcon.colcon_core.package_identification:_identify(.) by extensions ['colcon_meta']
[0.197s] Level 1:colcon.colcon_core.package_identification:_identify(.) by extension 'colcon_meta'
[0.197s] Level 1:colcon.colcon_core.package_identification:_identify(.) by extensions ['ros']
[0.197s] Level 1:colcon.colcon_core.package_identification:_identify(.) by extension 'ros'
[0.209s] DEBUG:colcon.colcon_core.package_identification:Package '.' with type 'ros.ament_cmake' and name 's3_basic'
[0.209s] Level 1:colcon.colcon_core.package_discovery:discover_packages(recursive) using defaults
[0.209s] Level 1:colcon.colcon_core.package_discovery:discover_packages(ignore) discover
[0.209s] Level 1:colcon.colcon_core.package_discovery:discover_packages(ignore) using defaults
[0.210s] Level 1:colcon.colcon_core.package_discovery:discover_packages(path) discover
[0.210s] Level 1:colcon.colcon_core.package_discovery:discover_packages(path) using defaults
[0.219s] Level 1:colcon.colcon_core.package_discovery:discover_packages(prefix_path) check parameters
[0.219s] Level 1:colcon.colcon_core.package_discovery:discover_packages(prefix_path) discover
[0.268s] DEBUG:colcon.colcon_installed_package_information.package_discovery:Found 21 installed packages in /home/raul/workspace_mac/stanford/pora1/autonomy_ws/install
[0.269s] DEBUG:colcon.colcon_installed_package_information.package_discovery:Found 240 installed packages in /opt/ros/humble
[0.269s] Level 1:colcon.colcon_core.package_discovery:discover_packages(prefix_path) using defaults
[0.353s] Level 5:colcon.colcon_core.verb:set package 's3_basic' build argument 'cmake_args' from command line to 'None'
[0.353s] Level 5:colcon.colcon_core.verb:set package 's3_basic' build argument 'cmake_target' from command line to 'None'
[0.353s] Level 5:colcon.colcon_core.verb:set package 's3_basic' build argument 'cmake_target_skip_unavailable' from command line to 'False'
[0.353s] Level 5:colcon.colcon_core.verb:set package 's3_basic' build argument 'cmake_clean_cache' from command line to 'False'
[0.353s] Level 5:colcon.colcon_core.verb:set package 's3_basic' build argument 'cmake_clean_first' from command line to 'False'
[0.353s] Level 5:colcon.colcon_core.verb:set package 's3_basic' build argument 'cmake_force_configure' from command line to 'False'
[0.353s] Level 5:colcon.colcon_core.verb:set package 's3_basic' build argument 'ament_cmake_args' from command line to 'None'
[0.353s] Level 5:colcon.colcon_core.verb:set package 's3_basic' build argument 'catkin_cmake_args' from command line to 'None'
[0.353s] Level 5:colcon.colcon_core.verb:set package 's3_basic' build argument 'catkin_skip_building_tests' from command line to 'False'
[0.353s] DEBUG:colcon.colcon_core.verb:Building package 's3_basic' with the following arguments: {'ament_cmake_args': None, 'build_base': '/home/raul/workspace_mac/stanford/pora1/autonomy_ws/src/s3_basic/build/s3_basic', 'catkin_cmake_args': None, 'catkin_skip_building_tests': False, 'cmake_args': None, 'cmake_clean_cache': False, 'cmake_clean_first': False, 'cmake_force_configure': False, 'cmake_target': None, 'cmake_target_skip_unavailable': False, 'install_base': '/home/raul/workspace_mac/stanford/pora1/autonomy_ws/src/s3_basic/install/s3_basic', 'merge_install': False, 'path': '/home/raul/workspace_mac/stanford/pora1/autonomy_ws/src/s3_basic', 'symlink_install': True, 'test_result_base': None}
[0.353s] INFO:colcon.colcon_core.executor:Executing jobs using 'parallel' executor
[0.355s] DEBUG:colcon.colcon_parallel_executor.executor.parallel:run_until_complete
[0.355s] INFO:colcon.colcon_ros.task.ament_cmake.build:Building ROS package in '/home/raul/workspace_mac/stanford/pora1/autonomy_ws/src/s3_basic' with build type 'ament_cmake'
[0.355s] INFO:colcon.colcon_cmake.task.cmake.build:Building CMake package in '/home/raul/workspace_mac/stanford/pora1/autonomy_ws/src/s3_basic'
[0.356s] INFO:colcon.colcon_core.plugin_system:Skipping extension 'colcon_core.shell.bat': Not used on non-Windows systems
[0.356s] INFO:colcon.colcon_core.shell:Skip shell extension 'powershell' for command environment: Not usable outside of PowerShell
[0.356s] DEBUG:colcon.colcon_core.shell:Skip shell extension 'dsv' for command environment
[0.442s] DEBUG:colcon.colcon_core.event_handler.log_command:Invoking command in '/home/raul/workspace_mac/stanford/pora1/autonomy_ws/src/s3_basic/build/s3_basic': CMAKE_PREFIX_PATH=${CMAKE_PREFIX_PATH}:/opt/ros/humble /usr/bin/cmake /home/raul/workspace_mac/stanford/pora1/autonomy_ws/src/s3_basic -DAMENT_CMAKE_SYMLINK_INSTALL=1 -DCMAKE_INSTALL_PREFIX=/home/raul/workspace_mac/stanford/pora1/autonomy_ws/src/s3_basic/install/s3_basic
[4.858s] DEBUG:colcon.colcon_core.event_handler.log_command:Invoked command in '/home/raul/workspace_mac/stanford/pora1/autonomy_ws/src/s3_basic/build/s3_basic' returned '0': CMAKE_PREFIX_PATH=${CMAKE_PREFIX_PATH}:/opt/ros/humble /usr/bin/cmake /home/raul/workspace_mac/stanford/pora1/autonomy_ws/src/s3_basic -DAMENT_CMAKE_SYMLINK_INSTALL=1 -DCMAKE_INSTALL_PREFIX=/home/raul/workspace_mac/stanford/pora1/autonomy_ws/src/s3_basic/install/s3_basic
[4.868s] DEBUG:colcon.colcon_core.event_handler.log_command:Invoking command in '/home/raul/workspace_mac/stanford/pora1/autonomy_ws/src/s3_basic/build/s3_basic': CMAKE_PREFIX_PATH=${CMAKE_PREFIX_PATH}:/opt/ros/humble /usr/bin/cmake --build /home/raul/workspace_mac/stanford/pora1/autonomy_ws/src/s3_basic/build/s3_basic -- -j4 -l4
[4.931s] DEBUG:colcon.colcon_core.event_handler.log_command:Invoked command in '/home/raul/workspace_mac/stanford/pora1/autonomy_ws/src/s3_basic/build/s3_basic' returned '0': CMAKE_PREFIX_PATH=${CMAKE_PREFIX_PATH}:/opt/ros/humble /usr/bin/cmake --build /home/raul/workspace_mac/stanford/pora1/autonomy_ws/src/s3_basic/build/s3_basic -- -j4 -l4
[4.942s] DEBUG:colcon.colcon_core.event_handler.log_command:Invoking command in '/home/raul/workspace_mac/stanford/pora1/autonomy_ws/src/s3_basic/build/s3_basic': CMAKE_PREFIX_PATH=${CMAKE_PREFIX_PATH}:/opt/ros/humble /usr/bin/cmake --install /home/raul/workspace_mac/stanford/pora1/autonomy_ws/src/s3_basic/build/s3_basic
[5.105s] Level 1:colcon.colcon_core.environment:create_environment_scripts_only(s3_basic)
[5.105s] DEBUG:colcon.colcon_core.event_handler.log_command:Invoked command in '/home/raul/workspace_mac/stanford/pora1/autonomy_ws/src/s3_basic/build/s3_basic' returned '0': CMAKE_PREFIX_PATH=${CMAKE_PREFIX_PATH}:/opt/ros/humble /usr/bin/cmake --install /home/raul/workspace_mac/stanford/pora1/autonomy_ws/src/s3_basic/build/s3_basic
[5.110s] Level 1:colcon.colcon_core.environment:checking '/home/raul/workspace_mac/stanford/pora1/autonomy_ws/src/s3_basic/install/s3_basic' for CMake module files
[5.115s] Level 1:colcon.colcon_core.environment:checking '/home/raul/workspace_mac/stanford/pora1/autonomy_ws/src/s3_basic/install/s3_basic' for CMake config files
[5.118s] Level 1:colcon.colcon_core.shell:create_environment_hook('s3_basic', 'cmake_prefix_path')
[5.118s] INFO:colcon.colcon_core.shell:Creating environment hook '/home/raul/workspace_mac/stanford/pora1/autonomy_ws/src/s3_basic/install/s3_basic/share/s3_basic/hook/cmake_prefix_path.ps1'
[5.120s] INFO:colcon.colcon_core.shell:Creating environment descriptor '/home/raul/workspace_mac/stanford/pora1/autonomy_ws/src/s3_basic/install/s3_basic/share/s3_basic/hook/cmake_prefix_path.dsv'
[5.124s] INFO:colcon.colcon_core.shell:Creating environment hook '/home/raul/workspace_mac/stanford/pora1/autonomy_ws/src/s3_basic/install/s3_basic/share/s3_basic/hook/cmake_prefix_path.sh'
[5.126s] Level 1:colcon.colcon_core.environment:checking '/home/raul/workspace_mac/stanford/pora1/autonomy_ws/src/s3_basic/install/s3_basic/lib'
[5.126s] Level 1:colcon.colcon_core.environment:checking '/home/raul/workspace_mac/stanford/pora1/autonomy_ws/src/s3_basic/install/s3_basic/bin'
[5.126s] Level 1:colcon.colcon_core.environment:checking '/home/raul/workspace_mac/stanford/pora1/autonomy_ws/src/s3_basic/install/s3_basic/lib/pkgconfig/s3_basic.pc'
[5.127s] Level 1:colcon.colcon_core.environment:checking '/home/raul/workspace_mac/stanford/pora1/autonomy_ws/src/s3_basic/install/s3_basic/lib/python3.10/site-packages'
[5.127s] Level 1:colcon.colcon_core.environment:checking '/home/raul/workspace_mac/stanford/pora1/autonomy_ws/src/s3_basic/install/s3_basic/bin'
[5.127s] INFO:colcon.colcon_core.shell:Creating package script '/home/raul/workspace_mac/stanford/pora1/autonomy_ws/src/s3_basic/install/s3_basic/share/s3_basic/package.ps1'
[5.129s] INFO:colcon.colcon_core.shell:Creating package descriptor '/home/raul/workspace_mac/stanford/pora1/autonomy_ws/src/s3_basic/install/s3_basic/share/s3_basic/package.dsv'
[5.130s] INFO:colcon.colcon_core.shell:Creating package script '/home/raul/workspace_mac/stanford/pora1/autonomy_ws/src/s3_basic/install/s3_basic/share/s3_basic/package.sh'
[5.132s] INFO:colcon.colcon_core.shell:Creating package script '/home/raul/workspace_mac/stanford/pora1/autonomy_ws/src/s3_basic/install/s3_basic/share/s3_basic/package.bash'
[5.133s] INFO:colcon.colcon_core.shell:Creating package script '/home/raul/workspace_mac/stanford/pora1/autonomy_ws/src/s3_basic/install/s3_basic/share/s3_basic/package.zsh'
[5.135s] Level 1:colcon.colcon_core.environment:create_file_with_runtime_dependencies(/home/raul/workspace_mac/stanford/pora1/autonomy_ws/src/s3_basic/install/s3_basic/share/colcon-core/packages/s3_basic)
[5.138s] Level 1:colcon.colcon_core.environment:create_environment_scripts_only(s3_basic)
[5.138s] Level 1:colcon.colcon_core.environment:checking '/home/raul/workspace_mac/stanford/pora1/autonomy_ws/src/s3_basic/install/s3_basic' for CMake module files
[5.141s] Level 1:colcon.colcon_core.environment:checking '/home/raul/workspace_mac/stanford/pora1/autonomy_ws/src/s3_basic/install/s3_basic' for CMake config files
[5.143s] Level 1:colcon.colcon_core.shell:create_environment_hook('s3_basic', 'cmake_prefix_path')
[5.143s] INFO:colcon.colcon_core.shell:Creating environment hook '/home/raul/workspace_mac/stanford/pora1/autonomy_ws/src/s3_basic/install/s3_basic/share/s3_basic/hook/cmake_prefix_path.ps1'
[5.146s] INFO:colcon.colcon_core.shell:Creating environment descriptor '/home/raul/workspace_mac/stanford/pora1/autonomy_ws/src/s3_basic/install/s3_basic/share/s3_basic/hook/cmake_prefix_path.dsv'
[5.151s] INFO:colcon.colcon_core.shell:Creating environment hook '/home/raul/workspace_mac/stanford/pora1/autonomy_ws/src/s3_basic/install/s3_basic/share/s3_basic/hook/cmake_prefix_path.sh'
[5.155s] Level 1:colcon.colcon_core.environment:checking '/home/raul/workspace_mac/stanford/pora1/autonomy_ws/src/s3_basic/install/s3_basic/lib'
[5.155s] Level 1:colcon.colcon_core.environment:checking '/home/raul/workspace_mac/stanford/pora1/autonomy_ws/src/s3_basic/install/s3_basic/bin'
[5.155s] Level 1:colcon.colcon_core.environment:checking '/home/raul/workspace_mac/stanford/pora1/autonomy_ws/src/s3_basic/install/s3_basic/lib/pkgconfig/s3_basic.pc'
[5.155s] Level 1:colcon.colcon_core.environment:checking '/home/raul/workspace_mac/stanford/pora1/autonomy_ws/src/s3_basic/install/s3_basic/lib/python3.10/site-packages'
[5.155s] Level 1:colcon.colcon_core.environment:checking '/home/raul/workspace_mac/stanford/pora1/autonomy_ws/src/s3_basic/install/s3_basic/bin'
[5.156s] INFO:colcon.colcon_core.shell:Creating package script '/home/raul/workspace_mac/stanford/pora1/autonomy_ws/src/s3_basic/install/s3_basic/share/s3_basic/package.ps1'
[5.159s] INFO:colcon.colcon_core.shell:Creating package descriptor '/home/raul/workspace_mac/stanford/pora1/autonomy_ws/src/s3_basic/install/s3_basic/share/s3_basic/package.dsv'
[5.161s] INFO:colcon.colcon_core.shell:Creating package script '/home/raul/workspace_mac/stanford/pora1/autonomy_ws/src/s3_basic/install/s3_basic/share/s3_basic/package.sh'
[5.163s] INFO:colcon.colcon_core.shell:Creating package script '/home/raul/workspace_mac/stanford/pora1/autonomy_ws/src/s3_basic/install/s3_basic/share/s3_basic/package.bash'
[5.164s] INFO:colcon.colcon_core.shell:Creating package script '/home/raul/workspace_mac/stanford/pora1/autonomy_ws/src/s3_basic/install/s3_basic/share/s3_basic/package.zsh'
[5.166s] Level 1:colcon.colcon_core.environment:create_file_with_runtime_dependencies(/home/raul/workspace_mac/stanford/pora1/autonomy_ws/src/s3_basic/install/s3_basic/share/colcon-core/packages/s3_basic)
[5.167s] DEBUG:colcon.colcon_parallel_executor.executor.parallel:closing loop
[5.167s] DEBUG:colcon.colcon_parallel_executor.executor.parallel:loop closed
[5.167s] DEBUG:colcon.colcon_parallel_executor.executor.parallel:run_until_complete finished with '0'
[5.167s] DEBUG:colcon.colcon_core.event_reactor:joining thread
[5.176s] INFO:colcon.colcon_core.plugin_system:Skipping extension 'colcon_notification.desktop_notification.terminal_notifier': Not used on non-Darwin systems
[5.176s] INFO:colcon.colcon_core.plugin_system:Skipping extension 'colcon_notification.desktop_notification.win32': Not used on non-Windows systems
[5.176s] INFO:colcon.colcon_notification.desktop_notification:Sending desktop notification using 'notify2'
[5.185s] DEBUG:colcon.colcon_core.event_reactor:joined thread
[5.185s] INFO:colcon.colcon_core.shell:Creating prefix script '/home/raul/workspace_mac/stanford/pora1/autonomy_ws/src/s3_basic/install/local_setup.ps1'
[5.187s] INFO:colcon.colcon_core.shell:Creating prefix util module '/home/raul/workspace_mac/stanford/pora1/autonomy_ws/src/s3_basic/install/_local_setup_util_ps1.py'
[5.204s] INFO:colcon.colcon_core.shell:Creating prefix chain script '/home/raul/workspace_mac/stanford/pora1/autonomy_ws/src/s3_basic/install/setup.ps1'
[5.216s] INFO:colcon.colcon_core.shell:Creating prefix script '/home/raul/workspace_mac/stanford/pora1/autonomy_ws/src/s3_basic/install/local_setup.sh'
[5.217s] INFO:colcon.colcon_core.shell:Creating prefix util module '/home/raul/workspace_mac/stanford/pora1/autonomy_ws/src/s3_basic/install/_local_setup_util_sh.py'
[5.218s] INFO:colcon.colcon_core.shell:Creating prefix chain script '/home/raul/workspace_mac/stanford/pora1/autonomy_ws/src/s3_basic/install/setup.sh'
[5.228s] INFO:colcon.colcon_core.shell:Creating prefix script '/home/raul/workspace_mac/stanford/pora1/autonomy_ws/src/s3_basic/install/local_setup.bash'
[5.229s] INFO:colcon.colcon_core.shell:Creating prefix chain script '/home/raul/workspace_mac/stanford/pora1/autonomy_ws/src/s3_basic/install/setup.bash'
[5.243s] INFO:colcon.colcon_core.shell:Creating prefix script '/home/raul/workspace_mac/stanford/pora1/autonomy_ws/src/s3_basic/install/local_setup.zsh'
[5.245s] INFO:colcon.colcon_core.shell:Creating prefix chain script '/home/raul/workspace_mac/stanford/pora1/autonomy_ws/src/s3_basic/install/setup.zsh'
