Compiling the C compiler identification source file "CMakeCCompilerId.c" failed.
Compiler: /usr/bin/cc 
Build flags: 
Id flags:  

The output was:
1
CMakeCCompilerId.c:802:1: fatal error: error closing /tmp/ccgtj3Ls.s: No space left on device
  802 | }
      | ^
compilation terminated.


Compiling the C compiler identification source file "CMakeCCompilerId.c" failed.
Compiler: /usr/bin/cc 
Build flags: 
Id flags: -c 

The output was:
1
CMakeCCompilerId.c:802:1: fatal error: error closing /tmp/cc79fTML.s: No space left on device
  802 | }
      | ^
compilation terminated.


Compiling the C compiler identification source file "CMakeCCompilerId.c" failed.
Compiler: /usr/bin/cc 
Build flags: 
Id flags: -Aa 

The output was:
1
<command-line>: error: missing '(' after predicate
CMakeCCompilerId.c:802:1: fatal error: error closing /tmp/cc5Gg5RC.s: No space left on device
  802 | }
      | ^
compilation terminated.


Compiling the C compiler identification source file "CMakeCCompilerId.c" failed.
Compiler: /usr/bin/cc 
Build flags: 
Id flags: -D__CLASSIC_C__ 

The output was:
1
CMakeCCompilerId.c:802:1: fatal error: error closing /tmp/ccd5w58H.s: No space left on device
  802 | }
      | ^
compilation terminated.


Compiling the C compiler identification source file "CMakeCCompilerId.c" failed.
Compiler: /usr/bin/cc 
Build flags: 
Id flags: --target=arm-arm-none-eabi;-mcpu=cortex-m3 

The output was:
1
cc: error: unrecognized command-line option ‘--target=arm-arm-none-eabi’


Compiling the C compiler identification source file "CMakeCCompilerId.c" failed.
Compiler: /usr/bin/cc 
Build flags: 
Id flags: -c;-I__does_not_exist__ 

The output was:
1
CMakeCCompilerId.c:802:1: fatal error: error closing /tmp/ccPoH2c4.s: No space left on device
  802 | }
      | ^
compilation terminated.


Compiling the C compiler identification source file "CMakeCCompilerId.c" failed.
Compiler: /usr/bin/cc 
Build flags: 
Id flags:  

The output was:
1
CMakeCCompilerId.c:802:1: fatal error: error closing /tmp/ccMRt82S.s: No space left on device
  802 | }
      | ^
compilation terminated.


Compiling the C compiler identification source file "CMakeCCompilerId.c" failed.
Compiler: /usr/bin/cc 
Build flags: 
Id flags: -c 

The output was:
1
CMakeCCompilerId.c:802:1: fatal error: error closing /tmp/ccjMqoZU.s: No space left on device
  802 | }
      | ^
compilation terminated.


Compiling the C compiler identification source file "CMakeCCompilerId.c" failed.
Compiler: /usr/bin/cc 
Build flags: 
Id flags: -Aa 

The output was:
1
<command-line>: error: missing '(' after predicate
CMakeCCompilerId.c:802:1: fatal error: error closing /tmp/ccwOODw8.s: No space left on device
  802 | }
      | ^
compilation terminated.


Compiling the C compiler identification source file "CMakeCCompilerId.c" failed.
Compiler: /usr/bin/cc 
Build flags: 
Id flags: -D__CLASSIC_C__ 

The output was:
1
CMakeCCompilerId.c:802:1: fatal error: error closing /tmp/ccJHjZ30.s: No space left on device
  802 | }
      | ^
compilation terminated.


Compiling the C compiler identification source file "CMakeCCompilerId.c" failed.
Compiler: /usr/bin/cc 
Build flags: 
Id flags: --target=arm-arm-none-eabi;-mcpu=cortex-m3 

The output was:
1
cc: error: unrecognized command-line option ‘--target=arm-arm-none-eabi’


Compiling the C compiler identification source file "CMakeCCompilerId.c" failed.
Compiler: /usr/bin/cc 
Build flags: 
Id flags: -c;-I__does_not_exist__ 

The output was:
1
CMakeCCompilerId.c:802:1: fatal error: error closing /tmp/ccehTBaR.s: No space left on device
  802 | }
      | ^
compilation terminated.


Checking whether the C compiler is IAR using "" did not match "IAR .+ Compiler":
cc: fatal error: no input files
compilation terminated.
Checking whether the C compiler is IAR using "" did not match "IAR .+ Compiler":
cc: fatal error: no input files
compilation terminated.
Compiling the CXX compiler identification source file "CMakeCXXCompilerId.cpp" failed.
Compiler: /usr/bin/c++ 
Build flags: 
Id flags:  

The output was:
1
CMakeCXXCompilerId.cpp:791:1: fatal error: error closing /tmp/ccbpVcEV.s: No space left on device
  791 | }
      | ^
compilation terminated.


Compiling the CXX compiler identification source file "CMakeCXXCompilerId.cpp" failed.
Compiler: /usr/bin/c++ 
Build flags: 
Id flags: -c 

The output was:
1
CMakeCXXCompilerId.cpp:791:1: fatal error: error closing /tmp/cc2goMqL.s: No space left on device
  791 | }
      | ^
compilation terminated.


Compiling the CXX compiler identification source file "CMakeCXXCompilerId.cpp" failed.
Compiler: /usr/bin/c++ 
Build flags: 
Id flags: --c++ 

The output was:
1
c++: error: unrecognized command-line option ‘--c++’


Compiling the CXX compiler identification source file "CMakeCXXCompilerId.cpp" failed.
Compiler: /usr/bin/c++ 
Build flags: 
Id flags: --ec++ 

The output was:
1
c++: error: unrecognized command-line option ‘--ec++’; did you mean ‘-Weffc++’?


Compiling the CXX compiler identification source file "CMakeCXXCompilerId.cpp" failed.
Compiler: /usr/bin/c++ 
Build flags: 
Id flags: --target=arm-arm-none-eabi;-mcpu=cortex-m3 

The output was:
1
c++: error: unrecognized command-line option ‘--target=arm-arm-none-eabi’


Compiling the CXX compiler identification source file "CMakeCXXCompilerId.cpp" failed.
Compiler: /usr/bin/c++ 
Build flags: 
Id flags: -c;-I__does_not_exist__ 

The output was:
1
CMakeCXXCompilerId.cpp:791:1: fatal error: error closing /tmp/ccb5t8We.s: No space left on device
  791 | }
      | ^
compilation terminated.


Compiling the CXX compiler identification source file "CMakeCXXCompilerId.cpp" failed.
Compiler: /usr/bin/c++ 
Build flags: 
Id flags:  

The output was:
1
CMakeCXXCompilerId.cpp:791:1: fatal error: error closing /tmp/cc3WwqYm.s: No space left on device
  791 | }
      | ^
compilation terminated.


Compiling the CXX compiler identification source file "CMakeCXXCompilerId.cpp" failed.
Compiler: /usr/bin/c++ 
Build flags: 
Id flags: -c 

The output was:
1
CMakeCXXCompilerId.cpp:791:1: fatal error: error closing /tmp/ccNW2B7U.s: No space left on device
  791 | }
      | ^
compilation terminated.


Compiling the CXX compiler identification source file "CMakeCXXCompilerId.cpp" failed.
Compiler: /usr/bin/c++ 
Build flags: 
Id flags: --c++ 

The output was:
1
c++: error: unrecognized command-line option ‘--c++’


Compiling the CXX compiler identification source file "CMakeCXXCompilerId.cpp" failed.
Compiler: /usr/bin/c++ 
Build flags: 
Id flags: --ec++ 

The output was:
1
c++: error: unrecognized command-line option ‘--ec++’; did you mean ‘-Weffc++’?


Compiling the CXX compiler identification source file "CMakeCXXCompilerId.cpp" failed.
Compiler: /usr/bin/c++ 
Build flags: 
Id flags: --target=arm-arm-none-eabi;-mcpu=cortex-m3 

The output was:
1
c++: error: unrecognized command-line option ‘--target=arm-arm-none-eabi’


Compiling the CXX compiler identification source file "CMakeCXXCompilerId.cpp" failed.
Compiler: /usr/bin/c++ 
Build flags: 
Id flags: -c;-I__does_not_exist__ 

The output was:
1
CMakeCXXCompilerId.cpp:791:1: fatal error: error closing /tmp/cc5SiuU9.s: No space left on device
  791 | }
      | ^
compilation terminated.


Checking whether the CXX compiler is IAR using "" did not match "IAR .+ Compiler":
c++: fatal error: no input files
compilation terminated.
Checking whether the CXX compiler is IAR using "" did not match "IAR .+ Compiler":
c++: fatal error: no input files
compilation terminated.
Detecting C compiler ABI info failed to compile with the following output:
Change Dir: /home/raul/workspace_mac/stanford/pora1/homeworks/AA274a-HW1-F25/autonomy_repo/build/autonomy_repo/CMakeFiles/CMakeTmp

Run Build Command(s):/usr/bin/gmake -f Makefile cmTC_50dc4/fast && /usr/bin/gmake  -f CMakeFiles/cmTC_50dc4.dir/build.make CMakeFiles/cmTC_50dc4.dir/build
gmake[1]: Entering directory '/home/raul/workspace_mac/stanford/pora1/homeworks/AA274a-HW1-F25/autonomy_repo/build/autonomy_repo/CMakeFiles/CMakeTmp'
Building C object CMakeFiles/cmTC_50dc4.dir/CMakeCCompilerABI.c.o
/usr/bin/cc    -o CMakeFiles/cmTC_50dc4.dir/CMakeCCompilerABI.c.o -c /usr/share/cmake-3.22/Modules/CMakeCCompilerABI.c
/usr/share/cmake-3.22/Modules/CMakeCCompilerABI.c:27:1: fatal error: error closing /tmp/cc6WcL4M.s: No space left on device
   27 | }
      | ^
compilation terminated.
gmake[1]: *** [CMakeFiles/cmTC_50dc4.dir/build.make:78: CMakeFiles/cmTC_50dc4.dir/CMakeCCompilerABI.c.o] Error 1
gmake[1]: Leaving directory '/home/raul/workspace_mac/stanford/pora1/homeworks/AA274a-HW1-F25/autonomy_repo/build/autonomy_repo/CMakeFiles/CMakeTmp'
gmake: *** [Makefile:127: cmTC_50dc4/fast] Error 2




Determining if the C compiler works failed with the following output:
Change Dir: /home/raul/workspace_mac/stanford/pora1/homeworks/AA274a-HW1-F25/autonomy_repo/build/autonomy_repo/CMakeFiles/CMakeTmp

Run Build Command(s):/usr/bin/gmake -f Makefile cmTC_2266a/fast && /usr/bin/gmake  -f CMakeFiles/cmTC_2266a.dir/build.make CMakeFiles/cmTC_2266a.dir/build
gmake[1]: Entering directory '/home/raul/workspace_mac/stanford/pora1/homeworks/AA274a-HW1-F25/autonomy_repo/build/autonomy_repo/CMakeFiles/CMakeTmp'
Building C object CMakeFiles/cmTC_2266a.dir/testCCompiler.c.o
/usr/bin/cc    -o CMakeFiles/cmTC_2266a.dir/testCCompiler.c.o -c /home/raul/workspace_mac/stanford/pora1/homeworks/AA274a-HW1-F25/autonomy_repo/build/autonomy_repo/CMakeFiles/CMakeTmp/testCCompiler.c
/home/raul/workspace_mac/stanford/pora1/homeworks/AA274a-HW1-F25/autonomy_repo/build/autonomy_repo/CMakeFiles/CMakeTmp/testCCompiler.c:11:1: fatal error: error closing /tmp/cc6OZ96m.s: No space left on device
   11 | { (void)argv; return argc-1;}
      | ^
compilation terminated.
gmake[1]: *** [CMakeFiles/cmTC_2266a.dir/build.make:78: CMakeFiles/cmTC_2266a.dir/testCCompiler.c.o] Error 1
gmake[1]: Leaving directory '/home/raul/workspace_mac/stanford/pora1/homeworks/AA274a-HW1-F25/autonomy_repo/build/autonomy_repo/CMakeFiles/CMakeTmp'
gmake: *** [Makefile:127: cmTC_2266a/fast] Error 2



