[0.184s] DEBUG:colcon:Command line arguments: ['/usr/bin/colcon', 'build', '--symlink-install']
[0.184s] DEBUG:colcon:Parsed command line arguments: Namespace(log_base=None, log_level=None, verb_name='build', build_base='build', install_base='install', merge_install=False, symlink_install=True, test_result_base=None, continue_on_error=False, executor='parallel', parallel_workers=4, event_handlers=None, ignore_user_meta=False, metas=['./colcon.meta'], base_paths=['.'], packages_ignore=None, packages_ignore_regex=None, paths=None, packages_up_to=None, packages_up_to_regex=None, packages_above=None, packages_above_and_dependencies=None, packages_above_depth=None, packages_select_by_dep=None, packages_skip_by_dep=None, packages_skip_up_to=None, packages_select_build_failed=False, packages_skip_build_finished=False, packages_select_test_failures=False, packages_skip_test_passed=False, packages_select=None, packages_skip=None, packages_select_regex=None, packages_skip_regex=None, packages_start=None, packages_end=None, allow_overriding=[], cmake_args=None, cmake_target=None, cmake_target_skip_unavailable=False, cmake_clean_cache=False, cmake_clean_first=False, cmake_force_configure=False, ament_cmake_args=None, catkin_cmake_args=None, catkin_skip_building_tests=False, mixin_files=None, mixin=None, verb_parser=<colcon_mixin.mixin.mixin_argument.MixinArgumentDecorator object at 0xffffa41dde70>, verb_extension=<colcon_core.verb.build.BuildVerb object at 0xffffa41dd8d0>, main=<bound method BuildVerb.main of <colcon_core.verb.build.BuildVerb object at 0xffffa41dd8d0>>, mixin_verb=('build',))
[0.433s] Level 1:colcon.colcon_core.package_discovery:discover_packages(colcon_meta) check parameters
[0.434s] Level 1:colcon.colcon_core.package_discovery:discover_packages(recursive) check parameters
[0.434s] Level 1:colcon.colcon_core.package_discovery:discover_packages(ignore) check parameters
[0.434s] Level 1:colcon.colcon_core.package_discovery:discover_packages(path) check parameters
[0.434s] Level 1:colcon.colcon_core.package_discovery:discover_packages(colcon_meta) discover
[0.434s] Level 1:colcon.colcon_core.package_discovery:discover_packages(recursive) discover
[0.434s] INFO:colcon.colcon_core.package_discovery:Crawling recursively for packages in '/home/raul/workspace_mac/stanford/pora1/homeworks/AA274a-HW1-F25/autonomy_repo'
[0.435s] Level 1:colcon.colcon_core.package_identification:_identify(.) by extensions ['ignore', 'ignore_ament_install']
[0.435s] Level 1:colcon.colcon_core.package_identification:_identify(.) by extension 'ignore'
[0.436s] Level 1:colcon.colcon_core.package_identification:_identify(.) by extension 'ignore_ament_install'
[0.436s] Level 1:colcon.colcon_core.package_identification:_identify(.) by extensions ['colcon_pkg']
[0.436s] Level 1:colcon.colcon_core.package_identification:_identify(.) by extension 'colcon_pkg'
[0.436s] Level 1:colcon.colcon_core.package_identification:_identify(.) by extensions ['colcon_meta']
[0.436s] Level 1:colcon.colcon_core.package_identification:_identify(.) by extension 'colcon_meta'
[0.436s] Level 1:colcon.colcon_core.package_identification:_identify(.) by extensions ['ros']
[0.436s] Level 1:colcon.colcon_core.package_identification:_identify(.) by extension 'ros'
[0.454s] DEBUG:colcon.colcon_core.package_identification:Package '.' with type 'ros.ament_cmake' and name 'autonomy_repo'
[0.454s] Level 1:colcon.colcon_core.package_discovery:discover_packages(recursive) using defaults
[0.454s] Level 1:colcon.colcon_core.package_discovery:discover_packages(ignore) discover
[0.454s] Level 1:colcon.colcon_core.package_discovery:discover_packages(ignore) using defaults
[0.454s] Level 1:colcon.colcon_core.package_discovery:discover_packages(path) discover
[0.454s] Level 1:colcon.colcon_core.package_discovery:discover_packages(path) using defaults
[0.475s] Level 1:colcon.colcon_core.package_discovery:discover_packages(prefix_path) check parameters
[0.475s] Level 1:colcon.colcon_core.package_discovery:discover_packages(prefix_path) discover
[0.490s] DEBUG:colcon.colcon_installed_package_information.package_discovery:Found 18 installed packages in /home/raul/tb_ws/install
[0.492s] DEBUG:colcon.colcon_installed_package_information.package_discovery:Found 240 installed packages in /opt/ros/humble
[0.492s] Level 1:colcon.colcon_core.package_discovery:discover_packages(prefix_path) using defaults
[0.567s] Level 5:colcon.colcon_core.verb:set package 'autonomy_repo' build argument 'cmake_args' from command line to 'None'
[0.567s] Level 5:colcon.colcon_core.verb:set package 'autonomy_repo' build argument 'cmake_target' from command line to 'None'
[0.567s] Level 5:colcon.colcon_core.verb:set package 'autonomy_repo' build argument 'cmake_target_skip_unavailable' from command line to 'False'
[0.567s] Level 5:colcon.colcon_core.verb:set package 'autonomy_repo' build argument 'cmake_clean_cache' from command line to 'False'
[0.567s] Level 5:colcon.colcon_core.verb:set package 'autonomy_repo' build argument 'cmake_clean_first' from command line to 'False'
[0.567s] Level 5:colcon.colcon_core.verb:set package 'autonomy_repo' build argument 'cmake_force_configure' from command line to 'False'
[0.567s] Level 5:colcon.colcon_core.verb:set package 'autonomy_repo' build argument 'ament_cmake_args' from command line to 'None'
[0.567s] Level 5:colcon.colcon_core.verb:set package 'autonomy_repo' build argument 'catkin_cmake_args' from command line to 'None'
[0.567s] Level 5:colcon.colcon_core.verb:set package 'autonomy_repo' build argument 'catkin_skip_building_tests' from command line to 'False'
[0.567s] DEBUG:colcon.colcon_core.verb:Building package 'autonomy_repo' with the following arguments: {'ament_cmake_args': None, 'build_base': '/home/raul/workspace_mac/stanford/pora1/homeworks/AA274a-HW1-F25/autonomy_repo/build/autonomy_repo', 'catkin_cmake_args': None, 'catkin_skip_building_tests': False, 'cmake_args': None, 'cmake_clean_cache': False, 'cmake_clean_first': False, 'cmake_force_configure': False, 'cmake_target': None, 'cmake_target_skip_unavailable': False, 'install_base': '/home/raul/workspace_mac/stanford/pora1/homeworks/AA274a-HW1-F25/autonomy_repo/install/autonomy_repo', 'merge_install': False, 'path': '/home/raul/workspace_mac/stanford/pora1/homeworks/AA274a-HW1-F25/autonomy_repo', 'symlink_install': True, 'test_result_base': None}
[0.568s] INFO:colcon.colcon_core.executor:Executing jobs using 'parallel' executor
[0.569s] DEBUG:colcon.colcon_parallel_executor.executor.parallel:run_until_complete
[0.570s] INFO:colcon.colcon_ros.task.ament_cmake.build:Building ROS package in '/home/raul/workspace_mac/stanford/pora1/homeworks/AA274a-HW1-F25/autonomy_repo' with build type 'ament_cmake'
[0.570s] INFO:colcon.colcon_cmake.task.cmake.build:Building CMake package in '/home/raul/workspace_mac/stanford/pora1/homeworks/AA274a-HW1-F25/autonomy_repo'
[0.576s] INFO:colcon.colcon_core.plugin_system:Skipping extension 'colcon_core.shell.bat': Not used on non-Windows systems
[0.576s] INFO:colcon.colcon_core.shell:Skip shell extension 'powershell' for command environment: Not usable outside of PowerShell
[0.576s] DEBUG:colcon.colcon_core.shell:Skip shell extension 'dsv' for command environment
[0.611s] DEBUG:colcon.colcon_core.event_handler.log_command:Invoking command in '/home/raul/workspace_mac/stanford/pora1/homeworks/AA274a-HW1-F25/autonomy_repo/build/autonomy_repo': CMAKE_PREFIX_PATH=${CMAKE_PREFIX_PATH}:/opt/ros/humble CONDA_PROMPT_MODIFIER=(base) /usr/bin/cmake /home/raul/workspace_mac/stanford/pora1/homeworks/AA274a-HW1-F25/autonomy_repo -DAMENT_CMAKE_SYMLINK_INSTALL=1 -DCMAKE_INSTALL_PREFIX=/home/raul/workspace_mac/stanford/pora1/homeworks/AA274a-HW1-F25/autonomy_repo/install/autonomy_repo
[1.579s] DEBUG:colcon.colcon_core.event_handler.log_command:Invoked command in '/home/raul/workspace_mac/stanford/pora1/homeworks/AA274a-HW1-F25/autonomy_repo/build/autonomy_repo' returned '1': CMAKE_PREFIX_PATH=${CMAKE_PREFIX_PATH}:/opt/ros/humble CONDA_PROMPT_MODIFIER=(base) /usr/bin/cmake /home/raul/workspace_mac/stanford/pora1/homeworks/AA274a-HW1-F25/autonomy_repo -DAMENT_CMAKE_SYMLINK_INSTALL=1 -DCMAKE_INSTALL_PREFIX=/home/raul/workspace_mac/stanford/pora1/homeworks/AA274a-HW1-F25/autonomy_repo/install/autonomy_repo
[1.592s] Level 1:colcon.colcon_core.environment:create_environment_scripts_only(autonomy_repo)
[1.596s] Level 1:colcon.colcon_core.environment:checking '/home/raul/workspace_mac/stanford/pora1/homeworks/AA274a-HW1-F25/autonomy_repo/install/autonomy_repo' for CMake module files
[1.596s] Level 1:colcon.colcon_core.environment:checking '/home/raul/workspace_mac/stanford/pora1/homeworks/AA274a-HW1-F25/autonomy_repo/install/autonomy_repo' for CMake config files
[1.596s] Level 1:colcon.colcon_core.environment:checking '/home/raul/workspace_mac/stanford/pora1/homeworks/AA274a-HW1-F25/autonomy_repo/install/autonomy_repo/bin'
[1.596s] Level 1:colcon.colcon_core.environment:checking '/home/raul/workspace_mac/stanford/pora1/homeworks/AA274a-HW1-F25/autonomy_repo/install/autonomy_repo/lib/pkgconfig/autonomy_repo.pc'
[1.596s] Level 1:colcon.colcon_core.environment:checking '/home/raul/workspace_mac/stanford/pora1/homeworks/AA274a-HW1-F25/autonomy_repo/install/autonomy_repo/lib/python3.10/site-packages'
[1.596s] Level 1:colcon.colcon_core.environment:checking '/home/raul/workspace_mac/stanford/pora1/homeworks/AA274a-HW1-F25/autonomy_repo/install/autonomy_repo/bin'
[1.597s] INFO:colcon.colcon_core.shell:Creating package script '/home/raul/workspace_mac/stanford/pora1/homeworks/AA274a-HW1-F25/autonomy_repo/install/autonomy_repo/share/autonomy_repo/package.ps1'
[1.600s] INFO:colcon.colcon_core.shell:Creating package descriptor '/home/raul/workspace_mac/stanford/pora1/homeworks/AA274a-HW1-F25/autonomy_repo/install/autonomy_repo/share/autonomy_repo/package.dsv'
[1.602s] INFO:colcon.colcon_core.shell:Creating package script '/home/raul/workspace_mac/stanford/pora1/homeworks/AA274a-HW1-F25/autonomy_repo/install/autonomy_repo/share/autonomy_repo/package.sh'
[1.604s] INFO:colcon.colcon_core.shell:Creating package script '/home/raul/workspace_mac/stanford/pora1/homeworks/AA274a-HW1-F25/autonomy_repo/install/autonomy_repo/share/autonomy_repo/package.bash'
[1.606s] INFO:colcon.colcon_core.shell:Creating package script '/home/raul/workspace_mac/stanford/pora1/homeworks/AA274a-HW1-F25/autonomy_repo/install/autonomy_repo/share/autonomy_repo/package.zsh'
[1.608s] Level 1:colcon.colcon_core.environment:create_file_with_runtime_dependencies(/home/raul/workspace_mac/stanford/pora1/homeworks/AA274a-HW1-F25/autonomy_repo/install/autonomy_repo/share/colcon-core/packages/autonomy_repo)
[1.621s] DEBUG:colcon.colcon_parallel_executor.executor.parallel:closing loop
[1.621s] DEBUG:colcon.colcon_parallel_executor.executor.parallel:loop closed
[1.621s] DEBUG:colcon.colcon_parallel_executor.executor.parallel:run_until_complete finished with '1'
[1.621s] DEBUG:colcon.colcon_core.event_reactor:joining thread
[1.630s] INFO:colcon.colcon_core.plugin_system:Skipping extension 'colcon_notification.desktop_notification.terminal_notifier': Not used on non-Darwin systems
[1.630s] INFO:colcon.colcon_core.plugin_system:Skipping extension 'colcon_notification.desktop_notification.win32': Not used on non-Windows systems
[1.630s] INFO:colcon.colcon_notification.desktop_notification:Sending desktop notification using 'notify2'
[1.675s] DEBUG:colcon.colcon_core.event_reactor:joined thread
[1.676s] INFO:colcon.colcon_core.shell:Creating prefix script '/home/raul/workspace_mac/stanford/pora1/homeworks/AA274a-HW1-F25/autonomy_repo/install/local_setup.ps1'
[1.678s] INFO:colcon.colcon_core.shell:Creating prefix util module '/home/raul/workspace_mac/stanford/pora1/homeworks/AA274a-HW1-F25/autonomy_repo/install/_local_setup_util_ps1.py'
[1.687s] INFO:colcon.colcon_core.shell:Creating prefix chain script '/home/raul/workspace_mac/stanford/pora1/homeworks/AA274a-HW1-F25/autonomy_repo/install/setup.ps1'
[1.691s] INFO:colcon.colcon_core.shell:Creating prefix script '/home/raul/workspace_mac/stanford/pora1/homeworks/AA274a-HW1-F25/autonomy_repo/install/local_setup.sh'
[1.693s] INFO:colcon.colcon_core.shell:Creating prefix util module '/home/raul/workspace_mac/stanford/pora1/homeworks/AA274a-HW1-F25/autonomy_repo/install/_local_setup_util_sh.py'
[1.695s] INFO:colcon.colcon_core.shell:Creating prefix chain script '/home/raul/workspace_mac/stanford/pora1/homeworks/AA274a-HW1-F25/autonomy_repo/install/setup.sh'
[1.697s] INFO:colcon.colcon_core.shell:Creating prefix script '/home/raul/workspace_mac/stanford/pora1/homeworks/AA274a-HW1-F25/autonomy_repo/install/local_setup.bash'
[1.698s] INFO:colcon.colcon_core.shell:Creating prefix chain script '/home/raul/workspace_mac/stanford/pora1/homeworks/AA274a-HW1-F25/autonomy_repo/install/setup.bash'
[1.700s] INFO:colcon.colcon_core.shell:Creating prefix script '/home/raul/workspace_mac/stanford/pora1/homeworks/AA274a-HW1-F25/autonomy_repo/install/local_setup.zsh'
[1.705s] INFO:colcon.colcon_core.shell:Creating prefix chain script '/home/raul/workspace_mac/stanford/pora1/homeworks/AA274a-HW1-F25/autonomy_repo/install/setup.zsh'
